###############################################################################
#
# IAR ELF Linker V8.50.1.245/W32 for ARM                  12/Jul/2021  18:14:53
# Copyright 2007-2020 IAR Systems AB.
#
#    Output file  =
#        F:\Tiva_C\System_Identification\System_Identification_V1\Debug\Exe\System_Identification_V1.out
#    Map file     =
#        F:\Tiva_C\System_Identification\System_Identification_V1\Debug\List\System_Identification_V1.map
#    Command line =
#        -f C:\Users\Owner\AppData\Local\Temp\EW9B54.tmp
#        (F:\Tiva_C\System_Identification\System_Identification_V1\Debug\Obj\Clock_Driver.o
#        F:\Tiva_C\System_Identification\System_Identification_V1\Debug\Obj\Debug_Driver.o
#        F:\Tiva_C\System_Identification\System_Identification_V1\Debug\Obj\GPIO_Driver.o
#        F:\Tiva_C\System_Identification\System_Identification_V1\Debug\Obj\GPTM_Driver.o
#        F:\Tiva_C\System_Identification\System_Identification_V1\Debug\Obj\main.o
#        F:\Tiva_C\System_Identification\System_Identification_V1\Debug\Obj\PWM_Driver.o
#        F:\Tiva_C\System_Identification\System_Identification_V1\Debug\Obj\UART_Driver.o
#        --no_out_extension -o
#        F:\Tiva_C\System_Identification\System_Identification_V1\Debug\Exe\System_Identification_V1.out
#        --redirect _Printf=_PrintfFullNoMb --redirect _Scanf=_ScanfFullNoMb
#        --map
#        F:\Tiva_C\System_Identification\System_Identification_V1\Debug\List\System_Identification_V1.map
#        --config G:\IAR\arm\config\linker\TexasInstruments\TM4C123GH6.icf
#        --semihosting --entry __iar_program_start --vfe --text_out locale)
#
###############################################################################

*******************************************************************************
*** RUNTIME MODEL ATTRIBUTES
***

CppFlavor       = *
__SystemLibrary = DLib
__dlib_version  = 6


*******************************************************************************
*** HEAP SELECTION
***

The basic heap was selected because some modules are built with
size limitations (and not runtime checking), and --advanced_heap
was not specified.


*******************************************************************************
*** PLACEMENT SUMMARY
***

"A0":  place at address 0x0 { ro section .intvec };
"P1":  place in [from 0x0 to 0x3'ffff] { ro };
define block CSTACK with size = 4K, alignment = 8 { };
define block HEAP with size = 8K, alignment = 8 { };
"P2":  place in [from 0x2000'0000 to 0x2000'7fff] {
          rw, block CSTACK, block HEAP };
initialize by copy { rw };

  Section            Kind         Address    Size  Object
  -------            ----         -------    ----  ------
"A0":                                        0x40
  .intvec            ro code          0x0    0x40  vector_table_M.o [4]
                                   - 0x40    0x40

"P1":                                      0x3639
  .text              ro code         0x40   0xfa6  xprintffull_nomb.o [2]
  .text              ro code        0xfe6     0xa  xsprout.o [2]
  .text              ro code        0xff0    0x16  strchr.o [4]
  .text              ro code       0x1006     0x2  vector_table_M.o [4]
  .text              ro code       0x1008    0x40  xfail_s.o [2]
  .text              ro code       0x1048    0x36  strlen.o [4]
  .text              ro code       0x1080    0x58  memchr.o [4]
  .text              ro code       0x10d8    0x76  ABImemcpy_unaligned.o [4]
  .text              ro code       0x1150    0x70  frexp.o [3]
  .text              ro code       0x11c0    0x2e  DblCmpLe.o [3]
  .text              ro code       0x11f0    0x2e  DblCmpGe.o [3]
  .text              ro code       0x1220   0x13a  ldexp.o [3]
  .text              ro code       0x135c    0x3a  DblToS32.o [3]
  .text              ro code       0x1398    0x22  S32ToDbl.o [3]
  .text              ro code       0x13bc    0xe2  DblSub.o [3]
  .text              ro code       0x14a0   0x246  DblDiv.o [3]
  .text              ro code       0x16e8    0x28  DblToU32.o [3]
  .text              ro code       0x1710    0x1a  U32ToDbl.o [3]
  .text              ro code       0x172c   0x1a2  DblMul.o [3]
  .text              ro code       0x18d0   0x230  I64DivMod.o [4]
  .text              ro code       0x1b00     0x6  abort.o [2]
  .text              ro code       0x1b08   0x17a  DblAdd.o [3]
  .text              ro code       0x1c84     0x2  I64DivZer.o [4]
  .text              ro code       0x1c88    0x14  exit.o [5]
  .text              ro code       0x1c9c   0x3c4  GPIO_Driver.o [1]
  .text              ro code       0x2060    0x12  strcmp.o [4]
  .text              ro code       0x2074   0x32c  main.o [1]
  .text              ro code       0x23a0   0x12c  Debug_Driver.o [1]
  .text              ro code       0x24cc   0x100  Clock_Driver.o [1]
  .text              ro code       0x25cc   0x328  PWM_Driver.o [1]
  .text              ro code       0x28f4   0x31c  GPTM_Driver.o [1]
  .text              ro code       0x2c10    0x48  FltToDbl.o [3]
  .text              ro code       0x2c58    0x40  sprintf.o [2]
  .text              ro code       0x2c98   0x15c  UART_Driver.o [1]
  .text              ro code       0x2df4    0x12  math_wrappers64.o [3]
  .text              ro code       0x2e08   0x314  logx64.o [3]
  .text              ro code       0x311c    0x78  lz77_init_single.o [4]
  .text              ro code       0x3194    0x28  data_init.o [4]
  .text              ro code       0x31bc    0x22  fpinit_M.o [3]
  .iar.init_table    const         0x31e0    0x10  - Linker created -
  .text              ro code       0x31f0    0x1e  cmain.o [4]
  .text              ro code       0x320e     0x4  low_level_init.o [2]
  .text              ro code       0x3212     0x4  exit.o [2]
  .text              ro code       0x3218     0xa  cexit.o [4]
  .rodata            const         0x3224    0x10  GPTM_Driver.o [1]
  .rodata            const         0x3234    0x10  GPTM_Driver.o [1]
  .rodata            const         0x3244    0x10  main.o [1]
  .rodata            const         0x3254     0xc  Debug_Driver.o [1]
  .rodata            const         0x3260     0xc  GPIO_Driver.o [1]
  .rodata            const         0x326c     0xc  GPIO_Driver.o [1]
  .rodata            const         0x3278     0xc  GPTM_Driver.o [1]
  .rodata            const         0x3284     0xc  GPTM_Driver.o [1]
  .rodata            const         0x3290     0xc  GPTM_Driver.o [1]
  .rodata            const         0x329c     0xc  GPTM_Driver.o [1]
  .rodata            const         0x32a8     0xc  main.o [1]
  .rodata            const         0x32b4     0xc  main.o [1]
  .rodata            const         0x32c0     0xc  main.o [1]
  .rodata            const         0x32cc     0xc  main.o [1]
  .text              ro code       0x32d8     0xc  cstartup_M.o [4]
  .rodata            const         0x32e4     0x8  Debug_Driver.o [1]
  .rodata            const         0x32ec     0x8  Debug_Driver.o [1]
  .rodata            const         0x32f4     0x8  Debug_Driver.o [1]
  .rodata            const         0x32fc     0x8  Debug_Driver.o [1]
  .rodata            const         0x3304     0x8  Debug_Driver.o [1]
  .rodata            const         0x330c     0x8  GPIO_Driver.o [1]
  .rodata            const         0x3314     0x8  GPIO_Driver.o [1]
  .rodata            const         0x331c     0x8  GPIO_Driver.o [1]
  .rodata            const         0x3324     0x8  GPIO_Driver.o [1]
  .rodata            const         0x332c     0x8  GPIO_Driver.o [1]
  .rodata            const         0x3334     0x8  GPIO_Driver.o [1]
  .rodata            const         0x333c     0x8  GPIO_Driver.o [1]
  .rodata            const         0x3344     0x8  GPTM_Driver.o [1]
  .rodata            const         0x334c     0x8  GPTM_Driver.o [1]
  .rodata            const         0x3354     0x8  GPTM_Driver.o [1]
  .rodata            const         0x335c     0x8  GPTM_Driver.o [1]
  .rodata            const         0x3364     0x8  main.o [1]
  .rodata            const         0x336c     0x8  main.o [1]
  .rodata            const         0x3374     0x8  main.o [1]
  .rodata            const         0x337c     0x8  main.o [1]
  .rodata            const         0x3384     0x8  main.o [1]
  .rodata            const         0x338c     0x8  main.o [1]
  .rodata            const         0x3394     0x8  main.o [1]
  .rodata            const         0x339c     0x8  main.o [1]
  .rodata            const         0x33a4     0x8  main.o [1]
  .rodata            const         0x33ac     0x8  main.o [1]
  .rodata            const         0x33b4     0x8  PWM_Driver.o [1]
  .rodata            const         0x33bc     0x8  PWM_Driver.o [1]
  .rodata            const         0x33c4     0x8  PWM_Driver.o [1]
  .rodata            const         0x33cc     0x8  UART_Driver.o [1]
  .rodata            const         0x33d4     0x8  UART_Driver.o [1]
  .rodata            const         0x33dc     0x8  xprintffull_nomb.o [2]
  .rodata            const         0x33e4     0x0  lz77_init_single.o [4]
  Initializer bytes  const         0x33e4   0x295  <for P2-1>
                                 - 0x3679  0x3639

"P2", part 1 of 2:                          0x364
  P2-1                        0x2000'0000   0x364  <Init block>
    .data            inited   0x2000'0000    0x18  GPIO_Driver.o [1]
    .data            inited   0x2000'0018    0x18  GPIO_Driver.o [1]
    .data            inited   0x2000'0030    0x18  GPIO_Driver.o [1]
    .data            inited   0x2000'0048    0x18  GPIO_Driver.o [1]
    .data            inited   0x2000'0060    0x18  GPIO_Driver.o [1]
    .data            inited   0x2000'0078    0x18  GPIO_Driver.o [1]
    .data            inited   0x2000'0090    0x18  GPIO_Driver.o [1]
    .data            inited   0x2000'00a8    0x18  GPTM_Driver.o [1]
    .data            inited   0x2000'00c0    0x18  GPTM_Driver.o [1]
    .data            inited   0x2000'00d8    0x18  GPTM_Driver.o [1]
    .data            inited   0x2000'00f0    0x18  GPTM_Driver.o [1]
    .data            inited   0x2000'0108    0x18  GPTM_Driver.o [1]
    .data            inited   0x2000'0120    0x18  GPTM_Driver.o [1]
    .data            inited   0x2000'0138    0x18  GPTM_Driver.o [1]
    .data            inited   0x2000'0150    0x18  GPTM_Driver.o [1]
    .data            inited   0x2000'0168    0x18  GPTM_Driver.o [1]
    .data            inited   0x2000'0180    0x18  GPTM_Driver.o [1]
    .data            inited   0x2000'0198    0x20  PWM_Driver.o [1]
    .data            inited   0x2000'01b8    0x20  PWM_Driver.o [1]
    .data            inited   0x2000'01d8    0x20  PWM_Driver.o [1]
    .data            inited   0x2000'01f8    0x20  PWM_Driver.o [1]
    .data            inited   0x2000'0218    0x20  PWM_Driver.o [1]
    .data            inited   0x2000'0238    0x20  PWM_Driver.o [1]
    .data            inited   0x2000'0258    0x20  UART_Driver.o [1]
    .data            inited   0x2000'0278    0x20  UART_Driver.o [1]
    .data            inited   0x2000'0298    0x20  UART_Driver.o [1]
    .data            inited   0x2000'02b8    0x20  UART_Driver.o [1]
    .data            inited   0x2000'02d8    0x20  UART_Driver.o [1]
    .data            inited   0x2000'02f8    0x20  UART_Driver.o [1]
    .data            inited   0x2000'0318    0x20  UART_Driver.o [1]
    .data            inited   0x2000'0338    0x20  UART_Driver.o [1]
    .bss             inited   0x2000'0358     0x4  main.o [1]
    .bss             inited   0x2000'035c     0x4  PWM_Driver.o [1]
    .bss             inited   0x2000'0360     0x4  xfail_s.o [2]
                            - 0x2000'0364   0x364

"P2", part 2 of 2:                         0x1000
  CSTACK                      0x2000'0368  0x1000  <Block>
    CSTACK           uninit   0x2000'0368  0x1000  <Block tail>
                            - 0x2000'1368  0x1000

Unused ranges:

         From           To      Size
         ----           --      ----
       0x3679     0x3'ffff  0x3'c987
  0x2000'0364  0x2000'0367       0x4
  0x2000'1368  0x2000'7fff    0x6c98


*******************************************************************************
*** INIT TABLE
***

          Address      Size
          -------      ----
Copy/lz77 (__iar_lz77_init_single3)
    1 source range, total size 0x295 (76% of destination):
               0x33e4  0x295
    1 destination range, total size 0x364:
          0x2000'0000  0x364



*******************************************************************************
*** MODULE SUMMARY
***

    Module                 ro code  ro data  rw data
    ------                 -------  -------  -------
command line/config:
    ------------------------------------------------
    Total:

F:\Tiva_C\System_Identification\System_Identification_V1\Debug\Obj: [1]
    Clock_Driver.o             256
    Debug_Driver.o             300       52
    GPIO_Driver.o              964      207      168
    GPTM_Driver.o              796      295      240
    PWM_Driver.o               808      173      196
    UART_Driver.o              348      211      256
    main.o                     812      147        4
    ------------------------------------------------
    Total:                   4'284    1'085      864

dl7M_tln.a: [2]
    abort.o                      6
    exit.o                       4
    low_level_init.o             4
    sprintf.o                   64
    xfail_s.o                   64        4        4
    xprintffull_nomb.o       4'006        8
    xsprout.o                   10
    ------------------------------------------------
    Total:                   4'158       12        4

m7M_tls.a: [3]
    DblAdd.o                   378
    DblCmpGe.o                  46
    DblCmpLe.o                  46
    DblDiv.o                   582
    DblMul.o                   418
    DblSub.o                   226
    DblToS32.o                  58
    DblToU32.o                  40
    FltToDbl.o                  72
    S32ToDbl.o                  34
    U32ToDbl.o                  26
    fpinit_M.o                  34
    frexp.o                    112
    ldexp.o                    314
    logx64.o                   788
    math_wrappers64.o           18
    ------------------------------------------------
    Total:                   3'192

rt7M_tl.a: [4]
    ABImemcpy_unaligned.o      118
    I64DivMod.o                560
    I64DivZer.o                  2
    cexit.o                     10
    cmain.o                     30
    cstartup_M.o                12
    data_init.o                 40
    lz77_init_single.o         120
    memchr.o                    88
    strchr.o                    22
    strcmp.o                    18
    strlen.o                    54
    vector_table_M.o            66
    ------------------------------------------------
    Total:                   1'140

shb_l.a: [5]
    exit.o                      20
    ------------------------------------------------
    Total:                      20

    Gaps                        34        4
    Linker created                       16    4'096
----------------------------------------------------
    Grand Total:            12'828    1'117    4'964


*******************************************************************************
*** ENTRY LIST
***

Entry                       Address   Size  Type      Object
-----                       -------   ----  ----      ------
.iar.init_table$$Base        0x31e0          --   Gb  - Linker created -
.iar.init_table$$Limit       0x31f0          --   Gb  - Linker created -
?main                        0x31f1         Code  Gb  cmain.o [4]
AFSEL_R                 0x2000'0048   0x18  Data  Gb  GPIO_Driver.o [1]
AMSEL_R                 0x2000'0018   0x18  Data  Gb  GPIO_Driver.o [1]
Baud_Rate_UART_Module        0x2d19   0x50  Code  Gb  UART_Driver.o [1]
CLK_Enable                   0x1c9d   0x24  Code  Gb  GPIO_Driver.o [1]
CLK_Enable_GPTM_Module       0x28f5   0x10  Code  Gb  GPTM_Driver.o [1]
CLK_Enable_UART_Module       0x2c99   0x1a  Code  Gb  UART_Driver.o [1]
CLK_PORTS               0x2000'0000   0x18  Data  Gb  GPIO_Driver.o [1]
CLK_PWM_Enable               0x25cd   0x18  Code  Gb  PWM_Driver.o [1]
CLK_UART_Modules        0x2000'0258   0x20  Data  Gb  UART_Driver.o [1]
CSTACK$$Base            0x2000'0368          --   Gb  - Linker created -
CSTACK$$Limit           0x2000'1368          --   Gb  - Linker created -
DATA_R                  0x2000'0078   0x18  Data  Gb  GPIO_Driver.o [1]
DEN_R                   0x2000'0030   0x18  Data  Gb  GPIO_Driver.o [1]
DIR_R                   0x2000'0060   0x18  Data  Gb  GPIO_Driver.o [1]
Debug_Intialization          0x2425   0x88  Code  Gb  Debug_Driver.o [1]
Debug_Led                    0x23a1   0x84  Code  Gb  Debug_Driver.o [1]
Enable_Timer_Number          0x2905   0x46  Code  Gb  GPTM_Driver.o [1]
Enable_UART_Module           0x2cb3   0x66  Code  Gb  UART_Driver.o [1]
GPIO_PORT_UNLOCK             0x1cc1   0x3a  Code  Gb  GPIO_Driver.o [1]
GPTM_Delay_Unit              0x2afd   0x84  Code  Gb  GPTM_Driver.o [1]
GPTM_Number_1_Intialization
                             0x21ab   0x2c  Code  Gb  main.o [1]
GPTM_Number_3_Intialization
                             0x21d7   0x6c  Code  Gb  main.o [1]
New_Line_Message             0x238d   0x14  Code  Gb  main.o [1]
PCTL_R                  0x2000'0090   0x18  Data  Gb  GPIO_Driver.o [1]
PIN_ANALOG_DIGITAL           0x1cfb   0xcc  Code  Gb  GPIO_Driver.o [1]
PIN_CONFIGURE                0x1eb3   0xe8  Code  Gb  GPIO_Driver.o [1]
PIN_FUNCTION_SELECT          0x1dc7   0x76  Code  Gb  GPIO_Driver.o [1]
PIN_INPUT_OUTPUT             0x1e3d   0x76  Code  Gb  GPIO_Driver.o [1]
PIN_WRITE_DIGITAL            0x1f9b   0x68  Code  Gb  GPIO_Driver.o [1]
PWM_Action_Comparator_Down
                             0x271f   0x98  Code  Gb  PWM_Driver.o [1]
PWM_Action_For_Load          0x2687   0x98  Code  Gb  PWM_Driver.o [1]
PWM_CMPA_R              0x2000'0238   0x20  Data  Gb  PWM_Driver.o [1]
PWM_CMPB_R              0x2000'0218   0x20  Data  Gb  PWM_Driver.o [1]
PWM_CTL_R               0x2000'0198   0x20  Data  Gb  PWM_Driver.o [1]
PWM_GENA_R              0x2000'01b8   0x20  Data  Gb  PWM_Driver.o [1]
PWM_GENB_R              0x2000'01d8   0x20  Data  Gb  PWM_Driver.o [1]
PWM_Generator_Enable         0x263d   0x4a  Code  Gb  PWM_Driver.o [1]
PWM_Intialization            0x2129   0x82  Code  Gb  main.o [1]
PWM_Load_R              0x2000'01f8   0x20  Data  Gb  PWM_Driver.o [1]
PWM_Load_Value          0x2000'035c    0x4  Data  Gb  PWM_Driver.o [1]
PWM_Module_Start             0x289d    0xc  Code  Gb  PWM_Driver.o [1]
PWM_Set_Duty_Cycle           0x281d   0x80  Code  Gb  PWM_Driver.o [1]
PWM_Set_Frequency            0x27b9   0x64  Code  Gb  PWM_Driver.o [1]
PortA_Intialization          0x2243   0x60  Code  Gb  main.o [1]
Region$$Table$$Base          0x31e0          --   Gb  - Linker created -
Region$$Table$$Limit         0x31f0          --   Gb  - Linker created -
Send_Data_UART               0x236d   0x20  Code  Gb  main.o [1]
Set_Clock_MHz                0x24cd  0x100  Code  Gb  Clock_Driver.o [1]
TIMERS_Aload_R          0x2000'0120   0x18  Data  Gb  GPTM_Driver.o [1]
TIMERS_CFG_R            0x2000'00c0   0x18  Data  Gb  GPTM_Driver.o [1]
TIMERS_Clear_R          0x2000'0138   0x18  Data  Gb  GPTM_Driver.o [1]
TIMERS_Flag_R           0x2000'0150   0x18  Data  Gb  GPTM_Driver.o [1]
TIMERS_R                0x2000'00a8   0x18  Data  Gb  GPTM_Driver.o [1]
TIMERS_TAMATCHR_R       0x2000'00f0   0x18  Data  Gb  GPTM_Driver.o [1]
TIMERS_TAMR_R           0x2000'00d8   0x18  Data  Gb  GPTM_Driver.o [1]
TIMERS_TAPR_R           0x2000'0108   0x18  Data  Gb  GPTM_Driver.o [1]
TIMERS_TAR_R            0x2000'0168   0x18  Data  Gb  GPTM_Driver.o [1]
TIMERS_TAV_R            0x2000'0180   0x18  Data  Gb  GPTM_Driver.o [1]
Timer_Number_Count_limit
                             0x29ff    0xa  Code  Gb  GPTM_Driver.o [1]
Timer_Number_Counts_Capture
                             0x2b81    0xa  Code  Gb  GPTM_Driver.o [1]
Timer_Number_Event_Mode
                             0x2a09   0x86  Code  Gb  GPTM_Driver.o [1]
Timer_Number_Mode            0x2999   0x66  Code  Gb  GPTM_Driver.o [1]
Timer_Number_Option          0x294b   0x4e  Code  Gb  GPTM_Driver.o [1]
Timer_Number_Prescaler       0x2a91   0x56  Code  Gb  GPTM_Driver.o [1]
Timer_Number_Reset_Counts
                             0x2b8b   0x16  Code  Gb  GPTM_Driver.o [1]
Timer_Number_Ticks           0x2ae7   0x16  Code  Gb  GPTM_Driver.o [1]
Transmit_UART_Module         0x2da3   0x18  Code  Gb  UART_Driver.o [1]
UART_BUFFER_R           0x2000'0318   0x20  Data  Gb  UART_Driver.o [1]
UART_CLK_R              0x2000'02d8   0x20  Data  Gb  UART_Driver.o [1]
UART_CTL_R              0x2000'0278   0x20  Data  Gb  UART_Driver.o [1]
UART_DR_R               0x2000'0338   0x20  Data  Gb  UART_Driver.o [1]
UART_FBRD_R             0x2000'02b8   0x20  Data  Gb  UART_Driver.o [1]
UART_IBRD_R             0x2000'0298   0x20  Data  Gb  UART_Driver.o [1]
UART_Intialization           0x22a3   0x70  Code  Gb  main.o [1]
UART_LCRH_R             0x2000'02f8   0x20  Data  Gb  UART_Driver.o [1]
Use_PWM_Divisor              0x25e5   0x58  Code  Gb  PWM_Driver.o [1]
Word_Length_UART_Module
                             0x2d69   0x3a  Code  Gb  UART_Driver.o [1]
_LitobFullNoMb                0xde1  0x10a  Code  Lc  xprintffull_nomb.o [2]
_PrintfFullNoMb                0x41  0xd7c  Code  Gb  xprintffull_nomb.o [2]
_PutcharFullNoMb              0xf51   0x20  Code  Lc  xprintffull_nomb.o [2]
_PutcharsFullNoMb             0xf71   0x2e  Code  Lc  xprintffull_nomb.o [2]
_SProut                       0xfe7    0xa  Code  Gb  xsprout.o [2]
__aeabi_cdcmple              0x11c1         Code  Gb  DblCmpLe.o [3]
__aeabi_cdrcmple             0x11f1         Code  Gb  DblCmpGe.o [3]
__aeabi_d2iz                 0x135d         Code  Gb  DblToS32.o [3]
__aeabi_d2uiz                0x16e9         Code  Gb  DblToU32.o [3]
__aeabi_dadd                 0x1b09         Code  Gb  DblAdd.o [3]
__aeabi_ddiv                 0x14a1         Code  Gb  DblDiv.o [3]
__aeabi_dmul                 0x172d         Code  Gb  DblMul.o [3]
__aeabi_dsub                 0x13bd         Code  Gb  DblSub.o [3]
__aeabi_f2d                  0x2c11         Code  Gb  FltToDbl.o [3]
__aeabi_i2d                  0x1399         Code  Gb  S32ToDbl.o [3]
__aeabi_ldiv0                0x1c85         Code  Gb  I64DivZer.o [4]
__aeabi_ui2d                 0x1711         Code  Gb  U32ToDbl.o [3]
__aeabi_uldivmod             0x18d1         Code  Gb  I64DivMod.o [4]
__cmain                      0x31f1         Code  Gb  cmain.o [4]
__exit                       0x1c89   0x14  Code  Gb  exit.o [5]
__iar_Fail_s                 0x1009   0x1c  Code  Gb  xfail_s.o [2]
__iar_Log64                  0x2e09  0x278  Code  Lc  logx64.o [3]
__iar_Memchr                 0x1081         Code  Gb  memchr.o [4]
__iar_Strchr                  0xff1         Code  Gb  strchr.o [4]
__iar_dadd                   0x13cd         Code  Gb  DblSub.o [3]
__iar_data_init3             0x3195   0x28  Code  Gb  data_init.o [4]
__iar_dsub                   0x1b19         Code  Gb  DblAdd.o [3]
__iar_dsubStart              0x1b2b         Code  Gb  DblAdd.o [3]
__iar_frexp                  0x115d         Code  Gb  frexp.o [3]
__iar_frexpl                 0x115d         Code  Gb  frexp.o [3]
__iar_init_vfp               0x31bd         Code  Gb  fpinit_M.o [3]
__iar_ldexp64                0x1221         Code  Gb  ldexp.o [3]
__iar_log64                  0x3119    0x4  Code  Gb  logx64.o [3]
__iar_log_medium             0x3119    0x4  Code  Gb  logx64.o [3]
__iar_log_medium64           0x3119    0x4  Code  Gb  logx64.o [3]
__iar_log_mediuml            0x3119    0x4  Code  Gb  logx64.o [3]
__iar_lz77_init_single3
                             0x311d   0x78  Code  Gb  lz77_init_single.o [4]
__iar_program_start          0x32d9         Code  Gb  cstartup_M.o [4]
__iar_scalbln64              0x1221         Code  Gb  ldexp.o [3]
__iar_scalbn64               0x1221         Code  Gb  ldexp.o [3]
__iar_softfp___iar_frexp64
                             0x1151         Code  Gb  frexp.o [3]
__iar_softfp_frexp           0x1151         Code  Gb  frexp.o [3]
__iar_softfp_frexpl          0x1151         Code  Gb  frexp.o [3]
__iar_unaligned_memcpy       0x10d9         Code  Gb  ABImemcpy_unaligned.o [4]
__iar_unaligned_memcpy4
                             0x10f9         Code  Gb  ABImemcpy_unaligned.o [4]
__iar_unaligned_memcpy8
                             0x10f9         Code  Gb  ABImemcpy_unaligned.o [4]
__iar_vfp_log                0x2dfb    0xc  Code  Gb  math_wrappers64.o [3]
__low_level_init             0x320f    0x4  Code  Gb  low_level_init.o [2]
__vector_table                  0x0         Data  Gb  vector_table_M.o [4]
_call_main                   0x31fd         Code  Gb  cmain.o [4]
_exit                        0x3219         Code  Gb  cexit.o [4]
_main                        0x320b         Code  Gb  cmain.o [4]
abort                        0x1b01    0x6  Code  Gb  abort.o [2]
counter                 0x2000'0358    0x4  Data  Gb  main.o [1]
exit                         0x3213    0x4  Code  Gb  exit.o [2]
ldexp                        0x1221         Code  Gb  ldexp.o [3]
ldexpl                       0x1221         Code  Gb  ldexp.o [3]
log                          0x3119    0x4  Code  Gb  logx64.o [3]
logl                         0x3119    0x4  Code  Gb  logx64.o [3]
main                         0x2075   0xb4  Code  Gb  main.o [1]
memchr                       0x1081         Code  Gb  memchr.o [4]
scalbln                      0x1221         Code  Gb  ldexp.o [3]
scalblnl                     0x1221         Code  Gb  ldexp.o [3]
scalbn                       0x1221         Code  Gb  ldexp.o [3]
scalbnl                      0x1221         Code  Gb  ldexp.o [3]
scale                         0xeeb   0x46  Code  Lc  xprintffull_nomb.o [2]
sec_hand                0x2000'0360    0x4  Data  Lc  xfail_s.o [2]
sprintf                      0x2c59   0x40  Code  Gb  sprintf.o [2]
strchr                        0xff1         Code  Gb  strchr.o [4]
strcmp                       0x2061         Code  Gb  strcmp.o [4]
strlen                       0x1049         Code  Gb  strlen.o [4]


[1] = F:\Tiva_C\System_Identification\System_Identification_V1\Debug\Obj
[2] = dl7M_tln.a
[3] = m7M_tls.a
[4] = rt7M_tl.a
[5] = shb_l.a

  12'828 bytes of readonly  code memory
   1'117 bytes of readonly  data memory
   4'964 bytes of readwrite data memory

Errors: none
Warnings: none
